// Jest Snapshot v1, https://goo.gl/fbAQLP

exports[`should render 1`] = `
<View
  onLayout={[Function]}
  style={
    Array [
      Object {
        "backgroundColor": "#334E68",
        "flex": 1,
      },
      Object {
        "paddingBottom": 0,
      },
    ]
  }
>
  <View
    accessibilityIgnoresInvertColors={true}
    style={
      Object {
        "flex": 1,
      }
    }
  >
    <Image
      style={
        Array [
          Object {
            "bottom": 0,
            "left": 0,
            "position": "absolute",
            "right": 0,
            "top": 0,
          },
          Object {
            "height": undefined,
            "width": undefined,
          },
          Object {
            "flex": 1,
            "height": null,
            "resizeMode": "cover",
            "width": null,
          },
        ]
      }
    />
    <View
      style={
        Object {
          "backgroundColor": "hsla(0, 0%, 0%, 0.2)",
          "flex": 1,
          "justifyContent": "center",
          "paddingHorizontal": 20,
        }
      }
    >
      <ActivityIndicator
        animating={true}
        color="white"
        hidesWhenStopped={true}
        size="large"
      />
    </View>
  </View>
</View>
`;
